; Level released under public domain
[meta]
limit= 78
background= background1.png

[map]
layout= ..............................................................................
	..............................................................................
	..............................................................................
	..............................................................................
	..............................................................................
	..............................................................................
	..............................................................................
	..............................................................................
	..............................................................................
	.......................++..e.............................+....................
	..e...................??????............................?#....................
	..?......??...................................................................
	.............................................................e......e....e...e
	@.............e.........$$$$$$..e.....e.....##################################
	####################..#################.......................................